[Fri Sep 11 09:39:20.239981 2026] [mpm_winnt:notice] [pid 6280:tid 400] AH00455: Apache/2.4.58 (Win64) PHP/8.3.0 configured -- resuming normal operations
[Fri Sep 11 09:39:20.239981 2026] [mpm_winnt:notice] [pid 6280:tid 400] AH00456: Apache Lounge VS17 Server built: Oct 18 2023 13:03:18
[Fri Sep 11 09:39:20.239981 2026] [core:notice] [pid 6280:tid 400] AH00094: Command line: 'C:\\Users\\ruben.torser\\UniServerZ\\core\\apache2\\bin\\httpd_z.exe -d C:/Users/ruben.torser/UniServerZ/core/apache2 -f C:\\Users\\ruben.torser\\UniServerZ\\core\\apache2\\conf\\httpd.conf -d C:\\Users\\ruben.torser\\UniServerZ\\core\\apache2'
[Fri Sep 11 09:39:20.239981 2026] [mpm_winnt:notice] [pid 6280:tid 400] AH00418: Parent: Created child process 16852
[Fri Sep 11 09:39:20.574168 2026] [mpm_winnt:notice] [pid 16852:tid 400] AH00354: Child: Starting 150 worker threads.
[Mon Sep 14 10:21:21.675184 2026] [core:warn] [pid 22052:tid 356] AH00098: pid file C:/Users/ruben.torser/UniServerZ/core/apache2/logs/httpd.pid overwritten -- Unclean shutdown of previous Apache run?
[Mon Sep 14 10:21:21.820472 2026] [mpm_winnt:notice] [pid 22052:tid 356] AH00455: Apache/2.4.58 (Win64) PHP/8.3.0 configured -- resuming normal operations
[Mon Sep 14 10:21:21.820472 2026] [mpm_winnt:notice] [pid 22052:tid 356] AH00456: Apache Lounge VS17 Server built: Oct 18 2023 13:03:18
[Mon Sep 14 10:21:21.820472 2026] [core:notice] [pid 22052:tid 356] AH00094: Command line: 'C:\\Users\\ruben.torser\\UniServerZ\\core\\apache2\\bin\\httpd_z.exe -d C:/Users/ruben.torser/UniServerZ/core/apache2 -f C:\\Users\\ruben.torser\\UniServerZ\\core\\apache2\\conf\\httpd.conf -d C:\\Users\\ruben.torser\\UniServerZ\\core\\apache2'
[Mon Sep 14 10:21:21.825995 2026] [mpm_winnt:notice] [pid 22052:tid 356] AH00418: Parent: Created child process 5440
[Mon Sep 14 10:21:22.085763 2026] [mpm_winnt:notice] [pid 5440:tid 384] AH00354: Child: Starting 150 worker threads.
[Mon Sep 14 12:13:05.981790 2026] [core:warn] [pid 15760:tid 384] AH00098: pid file C:/Users/ruben.torser/DAW/DAW/Entorno_Servidor/UniServerZ/core/apache2/logs/httpd.pid overwritten -- Unclean shutdown of previous Apache run?
[Mon Sep 14 12:13:06.004125 2026] [mpm_winnt:notice] [pid 15760:tid 384] AH00455: Apache/2.4.58 (Win64) PHP/8.3.0 configured -- resuming normal operations
[Mon Sep 14 12:13:06.004125 2026] [mpm_winnt:notice] [pid 15760:tid 384] AH00456: Apache Lounge VS17 Server built: Oct 18 2023 13:03:18
[Mon Sep 14 12:13:06.004125 2026] [core:notice] [pid 15760:tid 384] AH00094: Command line: 'C:\\Users\\ruben.torser\\DAW\\DAW\\Entorno_Servidor\\UniServerZ\\core\\apache2\\bin\\httpd_z.exe -d C:/Users/ruben.torser/DAW/DAW/Entorno_Servidor/UniServerZ/core/apache2 -f C:\\Users\\ruben.torser\\DAW\\DAW\\Entorno_Servidor\\UniServerZ\\core\\apache2\\conf\\httpd.conf -d C:\\Users\\ruben.torser\\DAW\\DAW\\Entorno_Servidor\\UniServerZ\\core\\apache2'
[Mon Sep 14 12:13:06.010662 2026] [mpm_winnt:notice] [pid 15760:tid 384] AH00418: Parent: Created child process 11976
[Mon Sep 14 12:13:06.334059 2026] [mpm_winnt:notice] [pid 11976:tid 392] AH00354: Child: Starting 150 worker threads.
[Tue Sep 15 09:53:21.730714 2026] [core:warn] [pid 5296:tid 364] AH00098: pid file C:/Users/ruben.torser/DAW/DAW/Entorno_Servidor/UniServerZ/core/apache2/logs/httpd.pid overwritten -- Unclean shutdown of previous Apache run?
PHP Warning:  PHP Startup: Unable to load dynamic library 'xdebug' (tried: C:/Users/ruben.torser/DAW/DAW/Entorno_Servidor/UniServerZ/core/php83/extensions\\xdebug (No se puede encontrar el m\xc3\xb3dulo especificado), C:/Users/ruben.torser/DAW/DAW/Entorno_Servidor/UniServerZ/core/php83/extensions\\php_xdebug.dll (No se puede encontrar el m\xc3\xb3dulo especificado)) in Unknown on line 0
[Tue Sep 15 09:53:21.761960 2026] [mpm_winnt:notice] [pid 5296:tid 364] AH00455: Apache/2.4.58 (Win64) PHP/8.3.0 configured -- resuming normal operations
[Tue Sep 15 09:53:21.761960 2026] [mpm_winnt:notice] [pid 5296:tid 364] AH00456: Apache Lounge VS17 Server built: Oct 18 2023 13:03:18
[Tue Sep 15 09:53:21.761960 2026] [core:notice] [pid 5296:tid 364] AH00094: Command line: 'C:\\Users\\ruben.torser\\DAW\\DAW\\Entorno_Servidor\\UniServerZ\\core\\apache2\\bin\\httpd_z.exe -d C:/Users/ruben.torser/DAW/DAW/Entorno_Servidor/UniServerZ/core/apache2 -f C:\\Users\\ruben.torser\\DAW\\DAW\\Entorno_Servidor\\UniServerZ\\core\\apache2\\conf\\httpd.conf -d C:\\Users\\ruben.torser\\DAW\\DAW\\Entorno_Servidor\\UniServerZ\\core\\apache2'
[Tue Sep 15 09:53:21.766662 2026] [mpm_winnt:notice] [pid 5296:tid 364] AH00418: Parent: Created child process 3748
PHP Warning:  PHP Startup: Unable to load dynamic library 'xdebug' (tried: C:/Users/ruben.torser/DAW/DAW/Entorno_Servidor/UniServerZ/core/php83/extensions\\xdebug (No se puede encontrar el m\xc3\xb3dulo especificado), C:/Users/ruben.torser/DAW/DAW/Entorno_Servidor/UniServerZ/core/php83/extensions\\php_xdebug.dll (No se puede encontrar el m\xc3\xb3dulo especificado)) in Unknown on line 0
[Tue Sep 15 09:53:21.996438 2026] [mpm_winnt:notice] [pid 3748:tid 360] AH00354: Child: Starting 150 worker threads.
[Wed Sep 16 13:30:19.450610 2026] [core:warn] [pid 8404:tid 204] AH00098: pid file C:/Users/ruben.torser/DAW/DAW/Entorno_Servidor/UniServerZ/core/apache2/logs/httpd.pid overwritten -- Unclean shutdown of previous Apache run?
PHP Warning:  PHP Startup: Unable to load dynamic library 'xdebug' (tried: C:/Users/ruben.torser/DAW/DAW/Entorno_Servidor/UniServerZ/core/php83/extensions\\xdebug (No se puede encontrar el m\xc3\xb3dulo especificado), C:/Users/ruben.torser/DAW/DAW/Entorno_Servidor/UniServerZ/core/php83/extensions\\php_xdebug.dll (No se puede encontrar el m\xc3\xb3dulo especificado)) in Unknown on line 0
[Wed Sep 16 13:30:19.645177 2026] [mpm_winnt:notice] [pid 8404:tid 204] AH00455: Apache/2.4.58 (Win64) PHP/8.3.0 configured -- resuming normal operations
[Wed Sep 16 13:30:19.645177 2026] [mpm_winnt:notice] [pid 8404:tid 204] AH00456: Apache Lounge VS17 Server built: Oct 18 2023 13:03:18
[Wed Sep 16 13:30:19.645177 2026] [core:notice] [pid 8404:tid 204] AH00094: Command line: 'C:\\Users\\ruben.torser\\DAW\\DAW\\Entorno_Servidor\\UniServerZ\\core\\apache2\\bin\\httpd_z.exe -d C:/Users/ruben.torser/DAW/DAW/Entorno_Servidor/UniServerZ/core/apache2 -f C:\\Users\\ruben.torser\\DAW\\DAW\\Entorno_Servidor\\UniServerZ\\core\\apache2\\conf\\httpd.conf -d C:\\Users\\ruben.torser\\DAW\\DAW\\Entorno_Servidor\\UniServerZ\\core\\apache2'
[Wed Sep 16 13:30:19.645177 2026] [mpm_winnt:notice] [pid 8404:tid 204] AH00418: Parent: Created child process 12292
PHP Warning:  PHP Startup: Unable to load dynamic library 'xdebug' (tried: C:/Users/ruben.torser/DAW/DAW/Entorno_Servidor/UniServerZ/core/php83/extensions\\xdebug (No se puede encontrar el m\xc3\xb3dulo especificado), C:/Users/ruben.torser/DAW/DAW/Entorno_Servidor/UniServerZ/core/php83/extensions\\php_xdebug.dll (No se puede encontrar el m\xc3\xb3dulo especificado)) in Unknown on line 0
[Wed Sep 16 13:30:19.935932 2026] [mpm_winnt:notice] [pid 12292:tid 344] AH00354: Child: Starting 150 worker threads.
[Thu Sep 17 10:20:52.099098 2026] [core:warn] [pid 17704:tid 372] AH00098: pid file C:/Users/ruben.torser/DAW/DAW/Entorno_Servidor/UniServerZ/core/apache2/logs/httpd.pid overwritten -- Unclean shutdown of previous Apache run?
PHP Warning:  PHP Startup: Unable to load dynamic library 'xdebug' (tried: C:/Users/ruben.torser/DAW/DAW/Entorno_Servidor/UniServerZ/core/php83/extensions\\xdebug (No se puede encontrar el m\xc3\xb3dulo especificado), C:/Users/ruben.torser/DAW/DAW/Entorno_Servidor/UniServerZ/core/php83/extensions\\php_xdebug.dll (No se puede encontrar el m\xc3\xb3dulo especificado)) in Unknown on line 0
[Thu Sep 17 10:20:52.271096 2026] [mpm_winnt:notice] [pid 17704:tid 372] AH00455: Apache/2.4.58 (Win64) PHP/8.3.0 configured -- resuming normal operations
[Thu Sep 17 10:20:52.271096 2026] [mpm_winnt:notice] [pid 17704:tid 372] AH00456: Apache Lounge VS17 Server built: Oct 18 2023 13:03:18
[Thu Sep 17 10:20:52.271096 2026] [core:notice] [pid 17704:tid 372] AH00094: Command line: 'C:\\Users\\ruben.torser\\DAW\\DAW\\Entorno_Servidor\\UniServerZ\\core\\apache2\\bin\\httpd_z.exe -d C:/Users/ruben.torser/DAW/DAW/Entorno_Servidor/UniServerZ/core/apache2 -f C:\\Users\\ruben.torser\\DAW\\DAW\\Entorno_Servidor\\UniServerZ\\core\\apache2\\conf\\httpd.conf -d C:\\Users\\ruben.torser\\DAW\\DAW\\Entorno_Servidor\\UniServerZ\\core\\apache2'
[Thu Sep 17 10:20:52.271096 2026] [mpm_winnt:notice] [pid 17704:tid 372] AH00418: Parent: Created child process 18428
PHP Warning:  PHP Startup: Unable to load dynamic library 'xdebug' (tried: C:/Users/ruben.torser/DAW/DAW/Entorno_Servidor/UniServerZ/core/php83/extensions\\xdebug (No se puede encontrar el m\xc3\xb3dulo especificado), C:/Users/ruben.torser/DAW/DAW/Entorno_Servidor/UniServerZ/core/php83/extensions\\php_xdebug.dll (No se puede encontrar el m\xc3\xb3dulo especificado)) in Unknown on line 0
[Thu Sep 17 10:20:52.524835 2026] [mpm_winnt:notice] [pid 18428:tid 372] AH00354: Child: Starting 150 worker threads.
[Fri Sep 18 09:00:02.489519 2026] [core:warn] [pid 16756:tid 352] AH00098: pid file C:/Users/ruben.torser/DAW/DAW/Entorno_Servidor/UniServerZ/core/apache2/logs/httpd.pid overwritten -- Unclean shutdown of previous Apache run?
PHP Warning:  PHP Startup: Unable to load dynamic library 'xdebug' (tried: C:/Users/ruben.torser/DAW/DAW/Entorno_Servidor/UniServerZ/core/php83/extensions\\xdebug (No se puede encontrar el m\xc3\xb3dulo especificado), C:/Users/ruben.torser/DAW/DAW/Entorno_Servidor/UniServerZ/core/php83/extensions\\php_xdebug.dll (No se puede encontrar el m\xc3\xb3dulo especificado)) in Unknown on line 0
[Fri Sep 18 09:00:02.644043 2026] [mpm_winnt:notice] [pid 16756:tid 352] AH00455: Apache/2.4.58 (Win64) PHP/8.3.0 configured -- resuming normal operations
[Fri Sep 18 09:00:02.644043 2026] [mpm_winnt:notice] [pid 16756:tid 352] AH00456: Apache Lounge VS17 Server built: Oct 18 2023 13:03:18
[Fri Sep 18 09:00:02.644043 2026] [core:notice] [pid 16756:tid 352] AH00094: Command line: 'C:\\Users\\ruben.torser\\DAW\\DAW\\Entorno_Servidor\\UniServerZ\\core\\apache2\\bin\\httpd_z.exe -d C:/Users/ruben.torser/DAW/DAW/Entorno_Servidor/UniServerZ/core/apache2 -f C:\\Users\\ruben.torser\\DAW\\DAW\\Entorno_Servidor\\UniServerZ\\core\\apache2\\conf\\httpd.conf -d C:\\Users\\ruben.torser\\DAW\\DAW\\Entorno_Servidor\\UniServerZ\\core\\apache2'
[Fri Sep 18 09:00:02.644043 2026] [mpm_winnt:notice] [pid 16756:tid 352] AH00418: Parent: Created child process 6136
PHP Warning:  PHP Startup: Unable to load dynamic library 'xdebug' (tried: C:/Users/ruben.torser/DAW/DAW/Entorno_Servidor/UniServerZ/core/php83/extensions\\xdebug (No se puede encontrar el m\xc3\xb3dulo especificado), C:/Users/ruben.torser/DAW/DAW/Entorno_Servidor/UniServerZ/core/php83/extensions\\php_xdebug.dll (No se puede encontrar el m\xc3\xb3dulo especificado)) in Unknown on line 0
[Fri Sep 18 09:00:02.897273 2026] [mpm_winnt:notice] [pid 6136:tid 384] AH00354: Child: Starting 150 worker threads.
[Mon Sep 21 10:56:58.528058 2026] [core:warn] [pid 1516:tid 176] AH00098: pid file C:/Users/ruben.torser/DAW/DAW/Entorno_Servidor/UniServerZ/core/apache2/logs/httpd.pid overwritten -- Unclean shutdown of previous Apache run?
PHP Warning:  PHP Startup: Unable to load dynamic library 'xdebug' (tried: C:/Users/ruben.torser/DAW/DAW/Entorno_Servidor/UniServerZ/core/php83/extensions\\xdebug (No se puede encontrar el m\xc3\xb3dulo especificado), C:/Users/ruben.torser/DAW/DAW/Entorno_Servidor/UniServerZ/core/php83/extensions\\php_xdebug.dll (No se puede encontrar el m\xc3\xb3dulo especificado)) in Unknown on line 0
[Mon Sep 21 10:56:58.710790 2026] [mpm_winnt:notice] [pid 1516:tid 176] AH00455: Apache/2.4.58 (Win64) PHP/8.3.0 configured -- resuming normal operations
[Mon Sep 21 10:56:58.710790 2026] [mpm_winnt:notice] [pid 1516:tid 176] AH00456: Apache Lounge VS17 Server built: Oct 18 2023 13:03:18
[Mon Sep 21 10:56:58.710790 2026] [core:notice] [pid 1516:tid 176] AH00094: Command line: 'C:\\Users\\ruben.torser\\DAW\\DAW\\Entorno_Servidor\\UniServerZ\\core\\apache2\\bin\\httpd_z.exe -d C:/Users/ruben.torser/DAW/DAW/Entorno_Servidor/UniServerZ/core/apache2 -f C:\\Users\\ruben.torser\\DAW\\DAW\\Entorno_Servidor\\UniServerZ\\core\\apache2\\conf\\httpd.conf -d C:\\Users\\ruben.torser\\DAW\\DAW\\Entorno_Servidor\\UniServerZ\\core\\apache2'
[Mon Sep 21 10:56:58.713710 2026] [mpm_winnt:notice] [pid 1516:tid 176] AH00418: Parent: Created child process 10560
PHP Warning:  PHP Startup: Unable to load dynamic library 'xdebug' (tried: C:/Users/ruben.torser/DAW/DAW/Entorno_Servidor/UniServerZ/core/php83/extensions\\xdebug (No se puede encontrar el m\xc3\xb3dulo especificado), C:/Users/ruben.torser/DAW/DAW/Entorno_Servidor/UniServerZ/core/php83/extensions\\php_xdebug.dll (No se puede encontrar el m\xc3\xb3dulo especificado)) in Unknown on line 0
[Mon Sep 21 10:56:58.981067 2026] [mpm_winnt:notice] [pid 10560:tid 368] AH00354: Child: Starting 150 worker threads.
[Wed Sep 30 12:58:50.923278 2026] [core:warn] [pid 8232:tid 180] AH00098: pid file C:/Users/ruben.torser/DAW/DAW/Entorno_Servidor/UniServerZ/core/apache2/logs/httpd.pid overwritten -- Unclean shutdown of previous Apache run?
PHP Warning:  PHP Startup: Unable to load dynamic library 'xdebug' (tried: C:/Users/ruben.torser/DAW/DAW/Entorno_Servidor/UniServerZ/core/php83/extensions\\xdebug (No se puede encontrar el m\xc3\xb3dulo especificado), C:/Users/ruben.torser/DAW/DAW/Entorno_Servidor/UniServerZ/core/php83/extensions\\php_xdebug.dll (No se puede encontrar el m\xc3\xb3dulo especificado)) in Unknown on line 0
[Wed Sep 30 12:58:51.067573 2026] [mpm_winnt:notice] [pid 8232:tid 180] AH00455: Apache/2.4.58 (Win64) PHP/8.3.0 configured -- resuming normal operations
[Wed Sep 30 12:58:51.067573 2026] [mpm_winnt:notice] [pid 8232:tid 180] AH00456: Apache Lounge VS17 Server built: Oct 18 2023 13:03:18
[Wed Sep 30 12:58:51.067573 2026] [core:notice] [pid 8232:tid 180] AH00094: Command line: 'C:\\Users\\ruben.torser\\DAW\\DAW\\Entorno_Servidor\\UniServerZ\\core\\apache2\\bin\\httpd_z.exe -d C:/Users/ruben.torser/DAW/DAW/Entorno_Servidor/UniServerZ/core/apache2 -f C:\\Users\\ruben.torser\\DAW\\DAW\\Entorno_Servidor\\UniServerZ\\core\\apache2\\conf\\httpd.conf -d C:\\Users\\ruben.torser\\DAW\\DAW\\Entorno_Servidor\\UniServerZ\\core\\apache2'
[Wed Sep 30 12:58:51.074262 2026] [mpm_winnt:notice] [pid 8232:tid 180] AH00418: Parent: Created child process 8220
PHP Warning:  PHP Startup: Unable to load dynamic library 'xdebug' (tried: C:/Users/ruben.torser/DAW/DAW/Entorno_Servidor/UniServerZ/core/php83/extensions\\xdebug (No se puede encontrar el m\xc3\xb3dulo especificado), C:/Users/ruben.torser/DAW/DAW/Entorno_Servidor/UniServerZ/core/php83/extensions\\php_xdebug.dll (No se puede encontrar el m\xc3\xb3dulo especificado)) in Unknown on line 0
[Wed Sep 30 12:58:51.316042 2026] [mpm_winnt:notice] [pid 8220:tid 368] AH00354: Child: Starting 150 worker threads.
[Wed Sep 30 12:58:58.938727 2026] [php:warn] [pid 8220:tid 1884] [client ::1:55786] PHP Warning:  Undefined variable $totalHoras in C:\\Users\\ruben.torser\\DAW\\DAW\\Entorno_Servidor\\UniServerZ\\www\\DWES\\UT3\\ejemploArrayAsociativo.php on line 74, referer: http://localhost/DWES/UT3/
[Wed Sep 30 13:08:28.095352 2026] [php:warn] [pid 8220:tid 1876] [client ::1:50542] PHP Warning:  Undefined variable $totalHoras in C:\\Users\\ruben.torser\\DAW\\DAW\\Entorno_Servidor\\UniServerZ\\www\\DWES\\UT3\\ejemploArrayAsociativo.php on line 74, referer: http://localhost/DWES/UT3/
[Wed Sep 30 13:13:31.850636 2026] [php:warn] [pid 8220:tid 1884] [client ::1:49325] PHP Warning:  Undefined variable $totalHoras in C:\\Users\\ruben.torser\\DAW\\DAW\\Entorno_Servidor\\UniServerZ\\www\\DWES\\UT3\\ejemploArrayAsociativo.php on line 74, referer: http://localhost/DWES/UT3/
[Wed Sep 30 13:17:18.041183 2026] [php:warn] [pid 8220:tid 1876] [client ::1:60391] PHP Warning:  Undefined variable $totalHoras in C:\\Users\\ruben.torser\\DAW\\DAW\\Entorno_Servidor\\UniServerZ\\www\\DWES\\UT3\\ejemploArrayAsociativo.php on line 74, referer: http://localhost/DWES/UT3/
[Wed Sep 30 13:28:35.280523 2026] [php:warn] [pid 8220:tid 1884] [client ::1:62441] PHP Warning:  Undefined variable $totalHoras in C:\\Users\\ruben.torser\\DAW\\DAW\\Entorno_Servidor\\UniServerZ\\www\\DWES\\UT3\\ejemploArrayAsociativo.php on line 74, referer: http://localhost/DWES/UT3/
[Wed Sep 30 13:29:33.365364 2026] [php:warn] [pid 8220:tid 1876] [client ::1:50648] PHP Warning:  Undefined variable $totalHoras in C:\\Users\\ruben.torser\\DAW\\DAW\\Entorno_Servidor\\UniServerZ\\www\\DWES\\UT3\\ejemploArrayAsociativo.php on line 74, referer: http://localhost/DWES/UT3/
[Wed Sep 30 13:34:24.839312 2026] [php:warn] [pid 8220:tid 1876] [client ::1:51278] PHP Warning:  Undefined variable $totalHoras in C:\\Users\\ruben.torser\\DAW\\DAW\\Entorno_Servidor\\UniServerZ\\www\\DWES\\UT3\\ejemploArrayAsociativo.php on line 74, referer: http://localhost/DWES/UT3/
